Saved lockfile
bun test v1.4.0 (34cbb9a40)

packages/memory-core/src/locks/candidate-sweep.test.ts:
[test-setup] vendored lsp-daemon dist missing; building once via `npm ci && npm run build`...
(pass) sweepStaleLockCandidates > #given stale and fresh candidates #when swept #then only stale candidates are deleted [6.36ms]
(pass) sweepStaleLockCandidates > #given a missing locks directory #when swept #then nothing is swept [0.76ms]
(pass) sweepStaleLockCandidates > #given a legal lock name containing .candidate- #when swept #then the live lock survives [1.10ms]
(pass) sweepStaleLockCandidates > #given one sharing-failing candidate and one removable candidate #when stale candidates are swept #then the failure is bounded and the rest are reclaimed [1.31ms]
122 |       expect(firstCandidate).toBeDefined()
123 |
124 |       const second = await createLockRecord("memory-write", {})
125 |       await acquireLock(lockPath, second)
126 |       await releaseLock(lockPath, second)
127 |       expect(attemptsByPath.get(path.join(directory, firstCandidate!))).toBe(CANDIDATE_UNLINK_ATTEMPTS)
                                                                              ^
error: expect(received).toBe(expected)

Expected: 3
Received: 6

      at <anonymous> (<WORKTREE>/packages/memory-core/src/locks/candidate-sweep.test.ts:127:73)
(fail) sweepStaleLockCandidates > #given persistent sharing failure #when the next lock is acquired #then fresh candidate cleanup is not retried and aged candidates remain reclaimable [13.65ms]
(pass) sweepStaleLockCandidates > #given a tracked candidate directory disappears #when the sweep sees ENOENT #then the path is untracked [1.12ms]
(pass) sweepStaleLockCandidates > #given a stale candidate #when the first lock in that directory is acquired #then the candidate is swept [4.55ms]

 6 pass
 1 fail
 13 expect() calls
Ran 7 tests across 1 file. [3.53s]
