// Bun Snapshot v1, https://bun.sh/docs/test/snapshots

exports[`generateModelConfig no providers available returns ULTIMATE_FALLBACK for all agents and categories when no providers 1`] = `
{
  "$schema": "https://raw.githubusercontent.com/klpanagi/matrixx/dev/assets/matrixx.schema.json",
  "agents": {
    "architect": {
      "model": "opencode/glm-4.7-free",
    },
    "cipher": {
      "model": "opencode/glm-4.7-free",
    },
    "construct": {
      "model": "opencode/glm-4.7-free",
    },
    "keymaker": {
      "model": "opencode/glm-4.7-free",
    },
    "merovingian": {
      "model": "opencode/glm-4.7-free",
    },
    "niobe": {
      "model": "opencode/glm-4.7-free",
    },
    "operator": {
      "model": "opencode/glm-4.7-free",
    },
    "oracle": {
      "model": "opencode/glm-4.7-free",
    },
    "sentinel": {
      "model": "opencode/glm-4.7-free",
    },
    "seraph": {
      "model": "opencode/glm-4.7-free",
    },
    "smith": {
      "model": "opencode/glm-4.7-free",
    },
    "trinity": {
      "model": "opencode/glm-4.7-free",
    },
    "zion": {
      "model": "opencode/glm-4.7-free",
    },
  },
  "categories": {
    "blue-pill": {
      "model": "opencode/glm-4.7-free",
    },
    "broadcast": {
      "model": "opencode/glm-4.7-free",
    },
    "bullet-time": {
      "model": "opencode/glm-4.7-free",
    },
    "construct": {
      "model": "opencode/glm-4.7-free",
    },
    "deep-jack": {
      "model": "opencode/glm-4.7-free",
    },
    "matrix-bend": {
      "model": "opencode/glm-4.7-free",
    },
    "red-pill": {
      "model": "opencode/glm-4.7-free",
    },
    "source": {
      "model": "opencode/glm-4.7-free",
    },
  },
}
`;

exports[`generateModelConfig single native provider uses Claude models when only Claude is available 1`] = `
{
  "$schema": "https://raw.githubusercontent.com/klpanagi/matrixx/dev/assets/matrixx.schema.json",
  "agents": {
    "architect": {
      "model": "anthropic/claude-sonnet-4-6",
    },
    "cipher": {
      "model": "anthropic/claude-opus-4-6",
      "variant": "max",
    },
    "construct": {
      "model": "anthropic/claude-sonnet-4-6",
    },
    "keymaker": {
      "model": "anthropic/claude-opus-4-6",
      "variant": "max",
    },
    "merovingian": {
      "model": "anthropic/claude-sonnet-4-6",
    },
    "morpheus": {
      "model": "anthropic/claude-opus-4-6",
      "variant": "max",
    },
    "niobe": {
      "model": "anthropic/claude-sonnet-4-6",
    },
    "operator": {
      "model": "anthropic/claude-haiku-4-5",
    },
    "oracle": {
      "model": "anthropic/claude-opus-4-6",
      "variant": "max",
    },
    "sentinel": {
      "model": "anthropic/claude-sonnet-4-6",
    },
    "seraph": {
      "model": "anthropic/claude-opus-4-6",
      "variant": "max",
    },
    "smith": {
      "model": "anthropic/claude-sonnet-4-6",
    },
    "trinity": {
      "model": "anthropic/claude-haiku-4-5",
    },
    "zion": {
      "model": "anthropic/claude-sonnet-4-6",
    },
  },
  "categories": {
    "blue-pill": {
      "model": "anthropic/claude-sonnet-4-6",
    },
    "broadcast": {
      "model": "anthropic/claude-sonnet-4-6",
    },
    "bullet-time": {
      "model": "anthropic/claude-haiku-4-5",
    },
    "construct": {
      "model": "anthropic/claude-sonnet-4-6",
    },
    "deep-jack": {
      "model": "anthropic/claude-opus-4-6",
      "variant": "max",
    },
    "matrix-bend": {
      "model": "anthropic/claude-sonnet-4-6",
    },
    "red-pill": {
      "model": "anthropic/claude-sonnet-4-6",
    },
    "source": {
      "model": "anthropic/claude-opus-4-6",
      "variant": "max",
    },
  },
}
`;

exports[`generateModelConfig single native provider uses Claude models with isMax20 flag 1`] = `
{
  "$schema": "https://raw.githubusercontent.com/klpanagi/matrixx/dev/assets/matrixx.schema.json",
  "agents": {
    "architect": {
      "model": "anthropic/claude-sonnet-4-6",
    },
    "cipher": {
      "model": "anthropic/claude-opus-4-6",
      "variant": "max",
    },
    "construct": {
      "model": "anthropic/claude-sonnet-4-6",
    },
    "keymaker": {
      "model": "anthropic/claude-opus-4-6",
      "variant": "max",
    },
    "merovingian": {
      "model": "anthropic/claude-sonnet-4-6",
    },
    "morpheus": {
      "model": "anthropic/claude-opus-4-6",
      "variant": "max",
    },
    "niobe": {
      "model": "anthropic/claude-sonnet-4-6",
    },
    "operator": {
      "model": "anthropic/claude-haiku-4-5",
    },
    "oracle": {
      "model": "anthropic/claude-opus-4-6",
      "variant": "max",
    },
    "sentinel": {
      "model": "anthropic/claude-sonnet-4-6",
    },
    "seraph": {
      "model": "anthropic/claude-opus-4-6",
      "variant": "max",
    },
    "smith": {
      "model": "anthropic/claude-sonnet-4-6",
    },
    "trinity": {
      "model": "anthropic/claude-haiku-4-5",
    },
    "zion": {
      "model": "anthropic/claude-sonnet-4-6",
    },
  },
  "categories": {
    "blue-pill": {
      "model": "anthropic/claude-sonnet-4-6",
    },
    "broadcast": {
      "model": "anthropic/claude-sonnet-4-6",
    },
    "bullet-time": {
      "model": "anthropic/claude-haiku-4-5",
    },
    "construct": {
      "model": "anthropic/claude-sonnet-4-6",
    },
    "deep-jack": {
      "model": "anthropic/claude-opus-4-6",
      "variant": "max",
    },
    "matrix-bend": {
      "model": "anthropic/claude-sonnet-4-6",
    },
    "red-pill": {
      "model": "anthropic/claude-opus-4-6",
      "variant": "max",
    },
    "source": {
      "model": "anthropic/claude-opus-4-6",
      "variant": "max",
    },
  },
}
`;

exports[`generateModelConfig single native provider uses OpenAI models when only OpenAI is available 1`] = `
{
  "$schema": "https://raw.githubusercontent.com/klpanagi/matrixx/dev/assets/matrixx.schema.json",
  "agents": {
    "architect": {
      "model": "opencode/glm-4.7-free",
    },
    "cipher": {
      "model": "opencode/glm-4.7-free",
    },
    "construct": {
      "model": "opencode/glm-4.7-free",
    },
    "keymaker": {
      "model": "opencode/glm-4.7-free",
    },
    "merovingian": {
      "model": "opencode/glm-4.7-free",
    },
    "niobe": {
      "model": "opencode/glm-4.7-free",
    },
    "operator": {
      "model": "opencode/glm-4.7-free",
    },
    "oracle": {
      "model": "opencode/glm-4.7-free",
    },
    "sentinel": {
      "model": "opencode/glm-4.7-free",
    },
    "seraph": {
      "model": "opencode/glm-4.7-free",
    },
    "smith": {
      "model": "opencode/glm-4.7-free",
    },
    "trinity": {
      "model": "opencode/gpt-5-nano",
    },
    "zion": {
      "model": "opencode/glm-4.7-free",
    },
  },
  "categories": {
    "blue-pill": {
      "model": "opencode/glm-4.7-free",
    },
    "broadcast": {
      "model": "opencode/glm-4.7-free",
    },
    "bullet-time": {
      "model": "opencode/glm-4.7-free",
    },
    "construct": {
      "model": "opencode/glm-4.7-free",
    },
    "deep-jack": {
      "model": "opencode/glm-4.7-free",
    },
    "matrix-bend": {
      "model": "opencode/glm-4.7-free",
    },
    "red-pill": {
      "model": "opencode/glm-4.7-free",
    },
    "source": {
      "model": "opencode/glm-4.7-free",
    },
  },
}
`;

exports[`generateModelConfig single native provider uses OpenAI models with isMax20 flag 1`] = `
{
  "$schema": "https://raw.githubusercontent.com/klpanagi/matrixx/dev/assets/matrixx.schema.json",
  "agents": {
    "architect": {
      "model": "opencode/glm-4.7-free",
    },
    "cipher": {
      "model": "opencode/glm-4.7-free",
    },
    "construct": {
      "model": "opencode/glm-4.7-free",
    },
    "keymaker": {
      "model": "opencode/glm-4.7-free",
    },
    "merovingian": {
      "model": "opencode/glm-4.7-free",
    },
    "niobe": {
      "model": "opencode/glm-4.7-free",
    },
    "operator": {
      "model": "opencode/glm-4.7-free",
    },
    "oracle": {
      "model": "opencode/glm-4.7-free",
    },
    "sentinel": {
      "model": "opencode/glm-4.7-free",
    },
    "seraph": {
      "model": "opencode/glm-4.7-free",
    },
    "smith": {
      "model": "opencode/glm-4.7-free",
    },
    "trinity": {
      "model": "opencode/gpt-5-nano",
    },
    "zion": {
      "model": "opencode/glm-4.7-free",
    },
  },
  "categories": {
    "blue-pill": {
      "model": "opencode/glm-4.7-free",
    },
    "broadcast": {
      "model": "opencode/glm-4.7-free",
    },
    "bullet-time": {
      "model": "opencode/glm-4.7-free",
    },
    "construct": {
      "model": "opencode/glm-4.7-free",
    },
    "deep-jack": {
      "model": "opencode/glm-4.7-free",
    },
    "matrix-bend": {
      "model": "opencode/glm-4.7-free",
    },
    "red-pill": {
      "model": "opencode/glm-4.7-free",
    },
    "source": {
      "model": "opencode/glm-4.7-free",
    },
  },
}
`;

exports[`generateModelConfig single native provider uses Gemini models when only Gemini is available 1`] = `
{
  "$schema": "https://raw.githubusercontent.com/klpanagi/matrixx/dev/assets/matrixx.schema.json",
  "agents": {
    "architect": {
      "model": "opencode/glm-4.7-free",
    },
    "cipher": {
      "model": "opencode/glm-4.7-free",
    },
    "construct": {
      "model": "opencode/glm-4.7-free",
    },
    "keymaker": {
      "model": "opencode/glm-4.7-free",
    },
    "merovingian": {
      "model": "opencode/glm-4.7-free",
    },
    "niobe": {
      "model": "opencode/glm-4.7-free",
    },
    "operator": {
      "model": "opencode/glm-4.7-free",
    },
    "oracle": {
      "model": "opencode/glm-4.7-free",
    },
    "sentinel": {
      "model": "opencode/glm-4.7-free",
    },
    "seraph": {
      "model": "opencode/glm-4.7-free",
    },
    "smith": {
      "model": "opencode/glm-4.7-free",
    },
    "trinity": {
      "model": "opencode/gpt-5-nano",
    },
    "zion": {
      "model": "opencode/glm-4.7-free",
    },
  },
  "categories": {
    "blue-pill": {
      "model": "opencode/glm-4.7-free",
    },
    "broadcast": {
      "model": "opencode/glm-4.7-free",
    },
    "bullet-time": {
      "model": "opencode/glm-4.7-free",
    },
    "construct": {
      "model": "opencode/glm-4.7-free",
    },
    "deep-jack": {
      "model": "opencode/glm-4.7-free",
    },
    "matrix-bend": {
      "model": "opencode/glm-4.7-free",
    },
    "red-pill": {
      "model": "opencode/glm-4.7-free",
    },
    "source": {
      "model": "opencode/glm-4.7-free",
    },
  },
}
`;

exports[`generateModelConfig single native provider uses Gemini models with isMax20 flag 1`] = `
{
  "$schema": "https://raw.githubusercontent.com/klpanagi/matrixx/dev/assets/matrixx.schema.json",
  "agents": {
    "architect": {
      "model": "opencode/glm-4.7-free",
    },
    "cipher": {
      "model": "opencode/glm-4.7-free",
    },
    "construct": {
      "model": "opencode/glm-4.7-free",
    },
    "keymaker": {
      "model": "opencode/glm-4.7-free",
    },
    "merovingian": {
      "model": "opencode/glm-4.7-free",
    },
    "niobe": {
      "model": "opencode/glm-4.7-free",
    },
    "operator": {
      "model": "opencode/glm-4.7-free",
    },
    "oracle": {
      "model": "opencode/glm-4.7-free",
    },
    "sentinel": {
      "model": "opencode/glm-4.7-free",
    },
    "seraph": {
      "model": "opencode/glm-4.7-free",
    },
    "smith": {
      "model": "opencode/glm-4.7-free",
    },
    "trinity": {
      "model": "opencode/gpt-5-nano",
    },
    "zion": {
      "model": "opencode/glm-4.7-free",
    },
  },
  "categories": {
    "blue-pill": {
      "model": "opencode/glm-4.7-free",
    },
    "broadcast": {
      "model": "opencode/glm-4.7-free",
    },
    "bullet-time": {
      "model": "opencode/glm-4.7-free",
    },
    "construct": {
      "model": "opencode/glm-4.7-free",
    },
    "deep-jack": {
      "model": "opencode/glm-4.7-free",
    },
    "matrix-bend": {
      "model": "opencode/glm-4.7-free",
    },
    "red-pill": {
      "model": "opencode/glm-4.7-free",
    },
    "source": {
      "model": "opencode/glm-4.7-free",
    },
  },
}
`;

exports[`generateModelConfig all native providers uses preferred models from fallback chains when all natives available 1`] = `
{
  "$schema": "https://raw.githubusercontent.com/klpanagi/matrixx/dev/assets/matrixx.schema.json",
  "agents": {
    "architect": {
      "model": "anthropic/claude-sonnet-4-6",
    },
    "cipher": {
      "model": "anthropic/claude-opus-4-6",
      "variant": "max",
    },
    "construct": {
      "model": "anthropic/claude-sonnet-4-6",
    },
    "keymaker": {
      "model": "anthropic/claude-opus-4-6",
      "variant": "max",
    },
    "merovingian": {
      "model": "anthropic/claude-sonnet-4-6",
    },
    "morpheus": {
      "model": "anthropic/claude-opus-4-6",
      "variant": "max",
    },
    "niobe": {
      "model": "anthropic/claude-sonnet-4-6",
    },
    "operator": {
      "model": "anthropic/claude-haiku-4-5",
    },
    "oracle": {
      "model": "anthropic/claude-opus-4-6",
      "variant": "max",
    },
    "sentinel": {
      "model": "anthropic/claude-sonnet-4-6",
    },
    "seraph": {
      "model": "anthropic/claude-opus-4-6",
      "variant": "max",
    },
    "smith": {
      "model": "anthropic/claude-sonnet-4-6",
    },
    "trinity": {
      "model": "anthropic/claude-haiku-4-5",
    },
    "zion": {
      "model": "anthropic/claude-sonnet-4-6",
    },
  },
  "categories": {
    "blue-pill": {
      "model": "anthropic/claude-sonnet-4-6",
    },
    "broadcast": {
      "model": "anthropic/claude-sonnet-4-6",
    },
    "bullet-time": {
      "model": "anthropic/claude-haiku-4-5",
    },
    "construct": {
      "model": "anthropic/claude-sonnet-4-6",
    },
    "deep-jack": {
      "model": "anthropic/claude-opus-4-6",
      "variant": "max",
    },
    "matrix-bend": {
      "model": "anthropic/claude-sonnet-4-6",
    },
    "red-pill": {
      "model": "anthropic/claude-sonnet-4-6",
    },
    "source": {
      "model": "anthropic/claude-opus-4-6",
      "variant": "max",
    },
  },
}
`;

exports[`generateModelConfig all native providers uses preferred models with isMax20 flag when all natives available 1`] = `
{
  "$schema": "https://raw.githubusercontent.com/klpanagi/matrixx/dev/assets/matrixx.schema.json",
  "agents": {
    "architect": {
      "model": "anthropic/claude-sonnet-4-6",
    },
    "cipher": {
      "model": "anthropic/claude-opus-4-6",
      "variant": "max",
    },
    "construct": {
      "model": "anthropic/claude-sonnet-4-6",
    },
    "keymaker": {
      "model": "anthropic/claude-opus-4-6",
      "variant": "max",
    },
    "merovingian": {
      "model": "anthropic/claude-sonnet-4-6",
    },
    "morpheus": {
      "model": "anthropic/claude-opus-4-6",
      "variant": "max",
    },
    "niobe": {
      "model": "anthropic/claude-sonnet-4-6",
    },
    "operator": {
      "model": "anthropic/claude-haiku-4-5",
    },
    "oracle": {
      "model": "anthropic/claude-opus-4-6",
      "variant": "max",
    },
    "sentinel": {
      "model": "anthropic/claude-sonnet-4-6",
    },
    "seraph": {
      "model": "anthropic/claude-opus-4-6",
      "variant": "max",
    },
    "smith": {
      "model": "anthropic/claude-sonnet-4-6",
    },
    "trinity": {
      "model": "anthropic/claude-haiku-4-5",
    },
    "zion": {
      "model": "anthropic/claude-sonnet-4-6",
    },
  },
  "categories": {
    "blue-pill": {
      "model": "anthropic/claude-sonnet-4-6",
    },
    "broadcast": {
      "model": "anthropic/claude-sonnet-4-6",
    },
    "bullet-time": {
      "model": "anthropic/claude-haiku-4-5",
    },
    "construct": {
      "model": "anthropic/claude-sonnet-4-6",
    },
    "deep-jack": {
      "model": "anthropic/claude-opus-4-6",
      "variant": "max",
    },
    "matrix-bend": {
      "model": "anthropic/claude-sonnet-4-6",
    },
    "red-pill": {
      "model": "anthropic/claude-opus-4-6",
      "variant": "max",
    },
    "source": {
      "model": "anthropic/claude-opus-4-6",
      "variant": "max",
    },
  },
}
`;

exports[`generateModelConfig fallback providers uses OpenCode Zen models when only OpenCode Zen is available 1`] = `
{
  "$schema": "https://raw.githubusercontent.com/klpanagi/matrixx/dev/assets/matrixx.schema.json",
  "agents": {
    "architect": {
      "model": "opencode/claude-sonnet-4-6",
    },
    "cipher": {
      "model": "opencode/claude-opus-4-6",
      "variant": "max",
    },
    "construct": {
      "model": "opencode/claude-sonnet-4-6",
    },
    "keymaker": {
      "model": "opencode/claude-opus-4-6",
      "variant": "max",
    },
    "merovingian": {
      "model": "opencode/claude-sonnet-4-6",
    },
    "morpheus": {
      "model": "opencode/claude-opus-4-6",
      "variant": "max",
    },
    "niobe": {
      "model": "opencode/claude-sonnet-4-6",
    },
    "operator": {
      "model": "opencode/claude-haiku-4-5",
    },
    "oracle": {
      "model": "opencode/claude-opus-4-6",
      "variant": "max",
    },
    "sentinel": {
      "model": "opencode/claude-sonnet-4-6",
    },
    "seraph": {
      "model": "opencode/claude-opus-4-6",
      "variant": "max",
    },
    "smith": {
      "model": "opencode/claude-sonnet-4-6",
    },
    "trinity": {
      "model": "opencode/claude-haiku-4-5",
    },
    "zion": {
      "model": "opencode/claude-sonnet-4-6",
    },
  },
  "categories": {
    "blue-pill": {
      "model": "opencode/claude-sonnet-4-6",
    },
    "broadcast": {
      "model": "opencode/claude-sonnet-4-6",
    },
    "bullet-time": {
      "model": "opencode/claude-haiku-4-5",
    },
    "construct": {
      "model": "opencode/claude-sonnet-4-6",
    },
    "deep-jack": {
      "model": "opencode/claude-opus-4-6",
      "variant": "max",
    },
    "matrix-bend": {
      "model": "opencode/claude-sonnet-4-6",
    },
    "red-pill": {
      "model": "opencode/claude-sonnet-4-6",
    },
    "source": {
      "model": "opencode/claude-opus-4-6",
      "variant": "max",
    },
  },
}
`;

exports[`generateModelConfig fallback providers uses OpenCode Zen models with isMax20 flag 1`] = `
{
  "$schema": "https://raw.githubusercontent.com/klpanagi/matrixx/dev/assets/matrixx.schema.json",
  "agents": {
    "architect": {
      "model": "opencode/claude-sonnet-4-6",
    },
    "cipher": {
      "model": "opencode/claude-opus-4-6",
      "variant": "max",
    },
    "construct": {
      "model": "opencode/claude-sonnet-4-6",
    },
    "keymaker": {
      "model": "opencode/claude-opus-4-6",
      "variant": "max",
    },
    "merovingian": {
      "model": "opencode/claude-sonnet-4-6",
    },
    "morpheus": {
      "model": "opencode/claude-opus-4-6",
      "variant": "max",
    },
    "niobe": {
      "model": "opencode/claude-sonnet-4-6",
    },
    "operator": {
      "model": "opencode/claude-haiku-4-5",
    },
    "oracle": {
      "model": "opencode/claude-opus-4-6",
      "variant": "max",
    },
    "sentinel": {
      "model": "opencode/claude-sonnet-4-6",
    },
    "seraph": {
      "model": "opencode/claude-opus-4-6",
      "variant": "max",
    },
    "smith": {
      "model": "opencode/claude-sonnet-4-6",
    },
    "trinity": {
      "model": "opencode/claude-haiku-4-5",
    },
    "zion": {
      "model": "opencode/claude-sonnet-4-6",
    },
  },
  "categories": {
    "blue-pill": {
      "model": "opencode/claude-sonnet-4-6",
    },
    "broadcast": {
      "model": "opencode/claude-sonnet-4-6",
    },
    "bullet-time": {
      "model": "opencode/claude-haiku-4-5",
    },
    "construct": {
      "model": "opencode/claude-sonnet-4-6",
    },
    "deep-jack": {
      "model": "opencode/claude-opus-4-6",
      "variant": "max",
    },
    "matrix-bend": {
      "model": "opencode/claude-sonnet-4-6",
    },
    "red-pill": {
      "model": "opencode/claude-opus-4-6",
      "variant": "max",
    },
    "source": {
      "model": "opencode/claude-opus-4-6",
      "variant": "max",
    },
  },
}
`;

exports[`generateModelConfig fallback providers uses GitHub Copilot models when only Copilot is available 1`] = `
{
  "$schema": "https://raw.githubusercontent.com/klpanagi/matrixx/dev/assets/matrixx.schema.json",
  "agents": {
    "architect": {
      "model": "github-copilot/claude-sonnet-4-6",
    },
    "cipher": {
      "model": "github-copilot/claude-opus-4.6",
      "variant": "max",
    },
    "construct": {
      "model": "github-copilot/claude-sonnet-4-6",
    },
    "keymaker": {
      "model": "github-copilot/claude-opus-4.6",
      "variant": "max",
    },
    "merovingian": {
      "model": "github-copilot/claude-sonnet-4-6",
    },
    "morpheus": {
      "model": "github-copilot/claude-opus-4.6",
      "variant": "max",
    },
    "niobe": {
      "model": "github-copilot/claude-sonnet-4-6",
    },
    "operator": {
      "model": "github-copilot/claude-haiku-4.5",
    },
    "oracle": {
      "model": "github-copilot/claude-opus-4.6",
      "variant": "max",
    },
    "sentinel": {
      "model": "github-copilot/claude-sonnet-4-6",
    },
    "seraph": {
      "model": "github-copilot/claude-opus-4.6",
      "variant": "max",
    },
    "smith": {
      "model": "github-copilot/claude-sonnet-4-6",
    },
    "trinity": {
      "model": "github-copilot/gpt-5-mini",
    },
    "zion": {
      "model": "github-copilot/claude-sonnet-4-6",
    },
  },
  "categories": {
    "blue-pill": {
      "model": "github-copilot/claude-sonnet-4-6",
    },
    "broadcast": {
      "model": "github-copilot/claude-sonnet-4-6",
    },
    "bullet-time": {
      "model": "github-copilot/claude-haiku-4.5",
    },
    "construct": {
      "model": "github-copilot/claude-sonnet-4-6",
    },
    "deep-jack": {
      "model": "github-copilot/claude-opus-4.6",
      "variant": "max",
    },
    "matrix-bend": {
      "model": "github-copilot/claude-sonnet-4-6",
    },
    "red-pill": {
      "model": "github-copilot/claude-sonnet-4-6",
    },
    "source": {
      "model": "github-copilot/claude-opus-4.6",
      "variant": "max",
    },
  },
}
`;

exports[`generateModelConfig fallback providers uses GitHub Copilot models with isMax20 flag 1`] = `
{
  "$schema": "https://raw.githubusercontent.com/klpanagi/matrixx/dev/assets/matrixx.schema.json",
  "agents": {
    "architect": {
      "model": "github-copilot/claude-sonnet-4-6",
    },
    "cipher": {
      "model": "github-copilot/claude-opus-4.6",
      "variant": "max",
    },
    "construct": {
      "model": "github-copilot/claude-sonnet-4-6",
    },
    "keymaker": {
      "model": "github-copilot/claude-opus-4.6",
      "variant": "max",
    },
    "merovingian": {
      "model": "github-copilot/claude-sonnet-4-6",
    },
    "morpheus": {
      "model": "github-copilot/claude-opus-4.6",
      "variant": "max",
    },
    "niobe": {
      "model": "github-copilot/claude-sonnet-4-6",
    },
    "operator": {
      "model": "github-copilot/claude-haiku-4.5",
    },
    "oracle": {
      "model": "github-copilot/claude-opus-4.6",
      "variant": "max",
    },
    "sentinel": {
      "model": "github-copilot/claude-sonnet-4-6",
    },
    "seraph": {
      "model": "github-copilot/claude-opus-4.6",
      "variant": "max",
    },
    "smith": {
      "model": "github-copilot/claude-sonnet-4-6",
    },
    "trinity": {
      "model": "github-copilot/gpt-5-mini",
    },
    "zion": {
      "model": "github-copilot/claude-sonnet-4-6",
    },
  },
  "categories": {
    "blue-pill": {
      "model": "github-copilot/claude-sonnet-4-6",
    },
    "broadcast": {
      "model": "github-copilot/claude-sonnet-4-6",
    },
    "bullet-time": {
      "model": "github-copilot/claude-haiku-4.5",
    },
    "construct": {
      "model": "github-copilot/claude-sonnet-4-6",
    },
    "deep-jack": {
      "model": "github-copilot/claude-opus-4.6",
      "variant": "max",
    },
    "matrix-bend": {
      "model": "github-copilot/claude-sonnet-4-6",
    },
    "red-pill": {
      "model": "github-copilot/claude-opus-4.6",
      "variant": "max",
    },
    "source": {
      "model": "github-copilot/claude-opus-4.6",
      "variant": "max",
    },
  },
}
`;

exports[`generateModelConfig fallback providers uses ZAI model for librarian when only ZAI is available 1`] = `
{
  "$schema": "https://raw.githubusercontent.com/klpanagi/matrixx/dev/assets/matrixx.schema.json",
  "agents": {
    "architect": {
      "model": "opencode/glm-4.7-free",
    },
    "cipher": {
      "model": "opencode/glm-4.7-free",
    },
    "construct": {
      "model": "opencode/glm-4.7-free",
    },
    "keymaker": {
      "model": "opencode/glm-4.7-free",
    },
    "merovingian": {
      "model": "opencode/glm-4.7-free",
    },
    "niobe": {
      "model": "opencode/glm-4.7-free",
    },
    "operator": {
      "model": "zai-coding-plan/glm-4.7",
    },
    "oracle": {
      "model": "opencode/glm-4.7-free",
    },
    "sentinel": {
      "model": "opencode/glm-4.7-free",
    },
    "seraph": {
      "model": "opencode/glm-4.7-free",
    },
    "smith": {
      "model": "opencode/glm-4.7-free",
    },
    "trinity": {
      "model": "opencode/gpt-5-nano",
    },
    "zion": {
      "model": "opencode/glm-4.7-free",
    },
  },
  "categories": {
    "blue-pill": {
      "model": "opencode/glm-4.7-free",
    },
    "broadcast": {
      "model": "opencode/glm-4.7-free",
    },
    "bullet-time": {
      "model": "opencode/glm-4.7-free",
    },
    "construct": {
      "model": "opencode/glm-4.7-free",
    },
    "deep-jack": {
      "model": "opencode/glm-4.7-free",
    },
    "matrix-bend": {
      "model": "opencode/glm-4.7-free",
    },
    "red-pill": {
      "model": "opencode/glm-4.7-free",
    },
    "source": {
      "model": "opencode/glm-4.7-free",
    },
  },
}
`;

exports[`generateModelConfig fallback providers uses ZAI model for librarian with isMax20 flag 1`] = `
{
  "$schema": "https://raw.githubusercontent.com/klpanagi/matrixx/dev/assets/matrixx.schema.json",
  "agents": {
    "architect": {
      "model": "opencode/glm-4.7-free",
    },
    "cipher": {
      "model": "opencode/glm-4.7-free",
    },
    "construct": {
      "model": "opencode/glm-4.7-free",
    },
    "keymaker": {
      "model": "opencode/glm-4.7-free",
    },
    "merovingian": {
      "model": "opencode/glm-4.7-free",
    },
    "niobe": {
      "model": "opencode/glm-4.7-free",
    },
    "operator": {
      "model": "zai-coding-plan/glm-4.7",
    },
    "oracle": {
      "model": "opencode/glm-4.7-free",
    },
    "sentinel": {
      "model": "opencode/glm-4.7-free",
    },
    "seraph": {
      "model": "opencode/glm-4.7-free",
    },
    "smith": {
      "model": "opencode/glm-4.7-free",
    },
    "trinity": {
      "model": "opencode/gpt-5-nano",
    },
    "zion": {
      "model": "opencode/glm-4.7-free",
    },
  },
  "categories": {
    "blue-pill": {
      "model": "opencode/glm-4.7-free",
    },
    "broadcast": {
      "model": "opencode/glm-4.7-free",
    },
    "bullet-time": {
      "model": "opencode/glm-4.7-free",
    },
    "construct": {
      "model": "opencode/glm-4.7-free",
    },
    "deep-jack": {
      "model": "opencode/glm-4.7-free",
    },
    "matrix-bend": {
      "model": "opencode/glm-4.7-free",
    },
    "red-pill": {
      "model": "opencode/glm-4.7-free",
    },
    "source": {
      "model": "opencode/glm-4.7-free",
    },
  },
}
`;

exports[`generateModelConfig mixed provider scenarios uses Claude + OpenCode Zen combination 1`] = `
{
  "$schema": "https://raw.githubusercontent.com/klpanagi/matrixx/dev/assets/matrixx.schema.json",
  "agents": {
    "architect": {
      "model": "anthropic/claude-sonnet-4-6",
    },
    "cipher": {
      "model": "anthropic/claude-opus-4-6",
      "variant": "max",
    },
    "construct": {
      "model": "anthropic/claude-sonnet-4-6",
    },
    "keymaker": {
      "model": "anthropic/claude-opus-4-6",
      "variant": "max",
    },
    "merovingian": {
      "model": "anthropic/claude-sonnet-4-6",
    },
    "morpheus": {
      "model": "anthropic/claude-opus-4-6",
      "variant": "max",
    },
    "niobe": {
      "model": "anthropic/claude-sonnet-4-6",
    },
    "operator": {
      "model": "anthropic/claude-haiku-4-5",
    },
    "oracle": {
      "model": "anthropic/claude-opus-4-6",
      "variant": "max",
    },
    "sentinel": {
      "model": "anthropic/claude-sonnet-4-6",
    },
    "seraph": {
      "model": "anthropic/claude-opus-4-6",
      "variant": "max",
    },
    "smith": {
      "model": "anthropic/claude-sonnet-4-6",
    },
    "trinity": {
      "model": "anthropic/claude-haiku-4-5",
    },
    "zion": {
      "model": "anthropic/claude-sonnet-4-6",
    },
  },
  "categories": {
    "blue-pill": {
      "model": "anthropic/claude-sonnet-4-6",
    },
    "broadcast": {
      "model": "anthropic/claude-sonnet-4-6",
    },
    "bullet-time": {
      "model": "anthropic/claude-haiku-4-5",
    },
    "construct": {
      "model": "anthropic/claude-sonnet-4-6",
    },
    "deep-jack": {
      "model": "anthropic/claude-opus-4-6",
      "variant": "max",
    },
    "matrix-bend": {
      "model": "anthropic/claude-sonnet-4-6",
    },
    "red-pill": {
      "model": "anthropic/claude-sonnet-4-6",
    },
    "source": {
      "model": "anthropic/claude-opus-4-6",
      "variant": "max",
    },
  },
}
`;

exports[`generateModelConfig mixed provider scenarios uses OpenAI + Copilot combination 1`] = `
{
  "$schema": "https://raw.githubusercontent.com/klpanagi/matrixx/dev/assets/matrixx.schema.json",
  "agents": {
    "architect": {
      "model": "github-copilot/claude-sonnet-4-6",
    },
    "cipher": {
      "model": "github-copilot/claude-opus-4.6",
      "variant": "max",
    },
    "construct": {
      "model": "github-copilot/claude-sonnet-4-6",
    },
    "keymaker": {
      "model": "github-copilot/claude-opus-4.6",
      "variant": "max",
    },
    "merovingian": {
      "model": "github-copilot/claude-sonnet-4-6",
    },
    "morpheus": {
      "model": "github-copilot/claude-opus-4.6",
      "variant": "max",
    },
    "niobe": {
      "model": "github-copilot/claude-sonnet-4-6",
    },
    "operator": {
      "model": "github-copilot/claude-haiku-4.5",
    },
    "oracle": {
      "model": "github-copilot/claude-opus-4.6",
      "variant": "max",
    },
    "sentinel": {
      "model": "github-copilot/claude-sonnet-4-6",
    },
    "seraph": {
      "model": "github-copilot/claude-opus-4.6",
      "variant": "max",
    },
    "smith": {
      "model": "github-copilot/claude-sonnet-4-6",
    },
    "trinity": {
      "model": "github-copilot/gpt-5-mini",
    },
    "zion": {
      "model": "github-copilot/claude-sonnet-4-6",
    },
  },
  "categories": {
    "blue-pill": {
      "model": "github-copilot/claude-sonnet-4-6",
    },
    "broadcast": {
      "model": "github-copilot/claude-sonnet-4-6",
    },
    "bullet-time": {
      "model": "github-copilot/claude-haiku-4.5",
    },
    "construct": {
      "model": "github-copilot/claude-sonnet-4-6",
    },
    "deep-jack": {
      "model": "github-copilot/claude-opus-4.6",
      "variant": "max",
    },
    "matrix-bend": {
      "model": "github-copilot/claude-sonnet-4-6",
    },
    "red-pill": {
      "model": "github-copilot/claude-sonnet-4-6",
    },
    "source": {
      "model": "github-copilot/claude-opus-4.6",
      "variant": "max",
    },
  },
}
`;

exports[`generateModelConfig mixed provider scenarios uses Claude + ZAI combination (librarian uses ZAI) 1`] = `
{
  "$schema": "https://raw.githubusercontent.com/klpanagi/matrixx/dev/assets/matrixx.schema.json",
  "agents": {
    "architect": {
      "model": "anthropic/claude-sonnet-4-6",
    },
    "cipher": {
      "model": "anthropic/claude-opus-4-6",
      "variant": "max",
    },
    "construct": {
      "model": "anthropic/claude-sonnet-4-6",
    },
    "keymaker": {
      "model": "anthropic/claude-opus-4-6",
      "variant": "max",
    },
    "merovingian": {
      "model": "anthropic/claude-sonnet-4-6",
    },
    "morpheus": {
      "model": "anthropic/claude-opus-4-6",
      "variant": "max",
    },
    "niobe": {
      "model": "anthropic/claude-sonnet-4-6",
    },
    "operator": {
      "model": "zai-coding-plan/glm-4.7",
    },
    "oracle": {
      "model": "anthropic/claude-opus-4-6",
      "variant": "max",
    },
    "sentinel": {
      "model": "anthropic/claude-sonnet-4-6",
    },
    "seraph": {
      "model": "anthropic/claude-opus-4-6",
      "variant": "max",
    },
    "smith": {
      "model": "anthropic/claude-sonnet-4-6",
    },
    "trinity": {
      "model": "anthropic/claude-haiku-4-5",
    },
    "zion": {
      "model": "anthropic/claude-sonnet-4-6",
    },
  },
  "categories": {
    "blue-pill": {
      "model": "anthropic/claude-sonnet-4-6",
    },
    "broadcast": {
      "model": "anthropic/claude-sonnet-4-6",
    },
    "bullet-time": {
      "model": "anthropic/claude-haiku-4-5",
    },
    "construct": {
      "model": "anthropic/claude-sonnet-4-6",
    },
    "deep-jack": {
      "model": "anthropic/claude-opus-4-6",
      "variant": "max",
    },
    "matrix-bend": {
      "model": "anthropic/claude-sonnet-4-6",
    },
    "red-pill": {
      "model": "anthropic/claude-sonnet-4-6",
    },
    "source": {
      "model": "anthropic/claude-opus-4-6",
      "variant": "max",
    },
  },
}
`;

exports[`generateModelConfig mixed provider scenarios uses Gemini + Claude combination (explore uses Gemini) 1`] = `
{
  "$schema": "https://raw.githubusercontent.com/klpanagi/matrixx/dev/assets/matrixx.schema.json",
  "agents": {
    "architect": {
      "model": "anthropic/claude-sonnet-4-6",
    },
    "cipher": {
      "model": "anthropic/claude-opus-4-6",
      "variant": "max",
    },
    "construct": {
      "model": "anthropic/claude-sonnet-4-6",
    },
    "keymaker": {
      "model": "anthropic/claude-opus-4-6",
      "variant": "max",
    },
    "merovingian": {
      "model": "anthropic/claude-sonnet-4-6",
    },
    "morpheus": {
      "model": "anthropic/claude-opus-4-6",
      "variant": "max",
    },
    "niobe": {
      "model": "anthropic/claude-sonnet-4-6",
    },
    "operator": {
      "model": "anthropic/claude-haiku-4-5",
    },
    "oracle": {
      "model": "anthropic/claude-opus-4-6",
      "variant": "max",
    },
    "sentinel": {
      "model": "anthropic/claude-sonnet-4-6",
    },
    "seraph": {
      "model": "anthropic/claude-opus-4-6",
      "variant": "max",
    },
    "smith": {
      "model": "anthropic/claude-sonnet-4-6",
    },
    "trinity": {
      "model": "anthropic/claude-haiku-4-5",
    },
    "zion": {
      "model": "anthropic/claude-sonnet-4-6",
    },
  },
  "categories": {
    "blue-pill": {
      "model": "anthropic/claude-sonnet-4-6",
    },
    "broadcast": {
      "model": "anthropic/claude-sonnet-4-6",
    },
    "bullet-time": {
      "model": "anthropic/claude-haiku-4-5",
    },
    "construct": {
      "model": "anthropic/claude-sonnet-4-6",
    },
    "deep-jack": {
      "model": "anthropic/claude-opus-4-6",
      "variant": "max",
    },
    "matrix-bend": {
      "model": "anthropic/claude-sonnet-4-6",
    },
    "red-pill": {
      "model": "anthropic/claude-sonnet-4-6",
    },
    "source": {
      "model": "anthropic/claude-opus-4-6",
      "variant": "max",
    },
  },
}
`;

exports[`generateModelConfig mixed provider scenarios uses all fallback providers together 1`] = `
{
  "$schema": "https://raw.githubusercontent.com/klpanagi/matrixx/dev/assets/matrixx.schema.json",
  "agents": {
    "architect": {
      "model": "github-copilot/claude-sonnet-4-6",
    },
    "cipher": {
      "model": "github-copilot/claude-opus-4.6",
      "variant": "max",
    },
    "construct": {
      "model": "github-copilot/claude-sonnet-4-6",
    },
    "keymaker": {
      "model": "github-copilot/claude-opus-4.6",
      "variant": "max",
    },
    "merovingian": {
      "model": "github-copilot/claude-sonnet-4-6",
    },
    "morpheus": {
      "model": "github-copilot/claude-opus-4.6",
      "variant": "max",
    },
    "niobe": {
      "model": "github-copilot/claude-sonnet-4-6",
    },
    "operator": {
      "model": "zai-coding-plan/glm-4.7",
    },
    "oracle": {
      "model": "github-copilot/claude-opus-4.6",
      "variant": "max",
    },
    "sentinel": {
      "model": "github-copilot/claude-sonnet-4-6",
    },
    "seraph": {
      "model": "github-copilot/claude-opus-4.6",
      "variant": "max",
    },
    "smith": {
      "model": "github-copilot/claude-sonnet-4-6",
    },
    "trinity": {
      "model": "opencode/claude-haiku-4-5",
    },
    "zion": {
      "model": "github-copilot/claude-sonnet-4-6",
    },
  },
  "categories": {
    "blue-pill": {
      "model": "github-copilot/claude-sonnet-4-6",
    },
    "broadcast": {
      "model": "github-copilot/claude-sonnet-4-6",
    },
    "bullet-time": {
      "model": "github-copilot/claude-haiku-4.5",
    },
    "construct": {
      "model": "github-copilot/claude-sonnet-4-6",
    },
    "deep-jack": {
      "model": "github-copilot/claude-opus-4.6",
      "variant": "max",
    },
    "matrix-bend": {
      "model": "github-copilot/claude-sonnet-4-6",
    },
    "red-pill": {
      "model": "github-copilot/claude-sonnet-4-6",
    },
    "source": {
      "model": "github-copilot/claude-opus-4.6",
      "variant": "max",
    },
  },
}
`;

exports[`generateModelConfig mixed provider scenarios uses all providers together 1`] = `
{
  "$schema": "https://raw.githubusercontent.com/klpanagi/matrixx/dev/assets/matrixx.schema.json",
  "agents": {
    "architect": {
      "model": "anthropic/claude-sonnet-4-6",
    },
    "cipher": {
      "model": "anthropic/claude-opus-4-6",
      "variant": "max",
    },
    "construct": {
      "model": "anthropic/claude-sonnet-4-6",
    },
    "keymaker": {
      "model": "anthropic/claude-opus-4-6",
      "variant": "max",
    },
    "merovingian": {
      "model": "anthropic/claude-sonnet-4-6",
    },
    "morpheus": {
      "model": "anthropic/claude-opus-4-6",
      "variant": "max",
    },
    "niobe": {
      "model": "anthropic/claude-sonnet-4-6",
    },
    "operator": {
      "model": "zai-coding-plan/glm-4.7",
    },
    "oracle": {
      "model": "anthropic/claude-opus-4-6",
      "variant": "max",
    },
    "sentinel": {
      "model": "anthropic/claude-sonnet-4-6",
    },
    "seraph": {
      "model": "anthropic/claude-opus-4-6",
      "variant": "max",
    },
    "smith": {
      "model": "anthropic/claude-sonnet-4-6",
    },
    "trinity": {
      "model": "anthropic/claude-haiku-4-5",
    },
    "zion": {
      "model": "anthropic/claude-sonnet-4-6",
    },
  },
  "categories": {
    "blue-pill": {
      "model": "anthropic/claude-sonnet-4-6",
    },
    "broadcast": {
      "model": "anthropic/claude-sonnet-4-6",
    },
    "bullet-time": {
      "model": "anthropic/claude-haiku-4-5",
    },
    "construct": {
      "model": "anthropic/claude-sonnet-4-6",
    },
    "deep-jack": {
      "model": "anthropic/claude-opus-4-6",
      "variant": "max",
    },
    "matrix-bend": {
      "model": "anthropic/claude-sonnet-4-6",
    },
    "red-pill": {
      "model": "anthropic/claude-sonnet-4-6",
    },
    "source": {
      "model": "anthropic/claude-opus-4-6",
      "variant": "max",
    },
  },
}
`;

exports[`generateModelConfig mixed provider scenarios uses all providers with isMax20 flag 1`] = `
{
  "$schema": "https://raw.githubusercontent.com/klpanagi/matrixx/dev/assets/matrixx.schema.json",
  "agents": {
    "architect": {
      "model": "anthropic/claude-sonnet-4-6",
    },
    "cipher": {
      "model": "anthropic/claude-opus-4-6",
      "variant": "max",
    },
    "construct": {
      "model": "anthropic/claude-sonnet-4-6",
    },
    "keymaker": {
      "model": "anthropic/claude-opus-4-6",
      "variant": "max",
    },
    "merovingian": {
      "model": "anthropic/claude-sonnet-4-6",
    },
    "morpheus": {
      "model": "anthropic/claude-opus-4-6",
      "variant": "max",
    },
    "niobe": {
      "model": "anthropic/claude-sonnet-4-6",
    },
    "operator": {
      "model": "zai-coding-plan/glm-4.7",
    },
    "oracle": {
      "model": "anthropic/claude-opus-4-6",
      "variant": "max",
    },
    "sentinel": {
      "model": "anthropic/claude-sonnet-4-6",
    },
    "seraph": {
      "model": "anthropic/claude-opus-4-6",
      "variant": "max",
    },
    "smith": {
      "model": "anthropic/claude-sonnet-4-6",
    },
    "trinity": {
      "model": "anthropic/claude-haiku-4-5",
    },
    "zion": {
      "model": "anthropic/claude-sonnet-4-6",
    },
  },
  "categories": {
    "blue-pill": {
      "model": "anthropic/claude-sonnet-4-6",
    },
    "broadcast": {
      "model": "anthropic/claude-sonnet-4-6",
    },
    "bullet-time": {
      "model": "anthropic/claude-haiku-4-5",
    },
    "construct": {
      "model": "anthropic/claude-sonnet-4-6",
    },
    "deep-jack": {
      "model": "anthropic/claude-opus-4-6",
      "variant": "max",
    },
    "matrix-bend": {
      "model": "anthropic/claude-sonnet-4-6",
    },
    "red-pill": {
      "model": "anthropic/claude-opus-4-6",
      "variant": "max",
    },
    "source": {
      "model": "anthropic/claude-opus-4-6",
      "variant": "max",
    },
  },
}
`;
