bun test v1.4.0 (34cbb9a40)

packages/omo-senpi/scripts/qa/isolation-state.test.mjs:
(pass) #given protected and volatile files #when snapshots are compared #then only protected path changes affect isolation [3.66ms]
(pass) #given nested files within the observation bounds #when scanned #then the full-tree observation is complete [2.14ms]
(pass) #given a tree beyond the file bound #when observed #then truncation is explicit and never complete [0.56ms]
(pass) #given identical protected read failures #when snapshots are compared #then isolation fails closed with structured relative errors [0.64ms]
(pass) #given files exceed the byte budget #when observed #then descriptor reads never exceed maxBytes [0.63ms]
(pass) #given a file shrinks after traversal #when observed #then short read is explicit and incomplete [0.60ms]
(pass) #given a file grows while hashing #when observed #then growth is explicit and incomplete [0.43ms]
(pass) #given a path is replaced after open #when observed #then replacement is explicit and incomplete [13.22ms]
(pass) #given one file exceeds the byte budget #when observed #then truncation occurs without reading or BYTE_LIMIT errors [0.60ms]
255 |         return count
256 |       },
257 |     }
258 |     const scan = snapshotDirectory(root, { maxFiles: 10, maxBytes: 4, maxEntries: 10 }, io)
259 |     expect(scan.bytesRead).toBe(4)
260 |     expect(scan.complete).toBe(false)
                                ^
error: expect(received).toBe(expected)

Expected: false
Received: true

      at <anonymous> (/home/minpeter/github.com/code-yeongyu/worktrees/omo-pr7500-postmerge-cleanup/packages/omo-senpi/scripts/qa/isolation-state.test.mjs:260:27)
(fail) #given a same-size in-place overwrite after an observation read #when metadata is verified #then the snapshot fails closed [0.88ms]
278 |         writeFileSync(path, "BBBB")
279 |       }
280 |       return content
281 |     }
282 |     const snapshot = snapshotProtectedState(root, readFile)
283 |     expect(snapshot.complete).toBe(false)
                                    ^
error: expect(received).toBe(expected)

Expected: false
Received: true

      at <anonymous> (/home/minpeter/github.com/code-yeongyu/worktrees/omo-pr7500-postmerge-cleanup/packages/omo-senpi/scripts/qa/isolation-state.test.mjs:283:31)
(fail) #given a same-size in-place overwrite after a protected read #when metadata is verified #then the snapshot fails closed [0.78ms]
297 |       error.code = "EACCES"
298 |       throw error
299 |     }
300 |     deniedRead.openSync = deniedRead
301 |     const snapshot = snapshotProtectedState(root, deniedRead)
302 |     expect(snapshot.complete).toBe(false)
                                    ^
error: expect(received).toBe(expected)

Expected: false
Received: true

      at <anonymous> (/home/minpeter/github.com/code-yeongyu/worktrees/omo-pr7500-postmerge-cleanup/packages/omo-senpi/scripts/qa/isolation-state.test.mjs:302:31)
(fail) #given an existence probe would hide inaccessible protected state #when opened directly #then EACCES fails closed [0.45ms]

 9 pass
 3 fail
 37 expect() calls
Ran 12 tests across 1 file. [1.56s]

status=1
