# Captured verification output - issue #6849 (redacted: no secrets, no env dumps)

## 1. Failing-first run (production fix temporarily reverted via git stash)

Command:
  bun test packages/omo-senpi/src/components/memory/worker/windows-console-hide.test.ts

Output (tail):
  bun test v1.3.14 (0d9b296a)

  packages/omo-senpi/src/components/memory/worker/windows-console-hide.test.ts:
  (fail) reflection worker win32 console suppression > #given the supervisor's bootstrap and model
  child spawn sites > #when their detachment options are inspected > #then the bootstrap spawn
  derives detachment from the runtime platform instead of staying detached everywhere [18.53ms]

  Expected to contain: 'detached: platform !== "win32"'
  Received: 'spawn(process.execPath, [fileURLToPath(import.meta.url), "--child-bootstrap", runDir], {
    env: process.env,
    detached: true,
    stdio: ["pipe", stdoutFd, stderrFd, "pipe"],
    windowsHide: true,
  })'

   3 pass
   1 fail
   6 expect() calls
  Ran 4 tests across 1 file. [959.00ms]
  EXIT=1

## 2. Regression test with fix restored

Command:
  bun test packages/omo-senpi/src/components/memory/worker/windows-console-hide.test.ts

Output (tail):
   4 pass
   0 fail
   7 expect() calls
  Ran 4 tests across 1 file. [544.00ms]

## 3. Scoped worker suite

Command:
  bun test packages/omo-senpi/src/components/memory/worker

Output (tail):
  bun test v1.3.14 (0d9b296a)

   221 pass
   0 fail
   1094 expect() calls
  Ran 221 tests across 35 files. [98.67s]

## 4. Package typecheck

Command:
  ./node_modules/.bin/tsgo --noEmit -p packages/omo-senpi/tsconfig.json

Output: (empty)
Exit code: 0

## 5. Environment notes

- bun 1.3.14, Linux x86_64 host.
- LSP daemon unavailable in this environment; tsgo typecheck is the authoritative TS gate per the
  repo's documented commands.
- Branch HEAD at verification time: 8833800ae (dev). No commits beyond base before this change.
